$ git checkout main
Already on 'main'
Your branch is up to date with 'origin/main'.

Phanindra@PHANI MINGW64 ~/OneDrive/Desktop/GitDemo (main)
$ git pull origin main
From https://github.com/phane2004/GitDemo
 * branch            main       -> FETCH_HEAD
Already up to date.

Phanindra@PHANI MINGW64 ~/OneDrive/Desktop/GitDemo (main)
$ git branch GitNewBranch

Phanindra@PHANI MINGW64 ~/OneDrive/Desktop/GitDemo (main)
$ git branch
  GitNewBranch
* main

Phanindra@PHANI MINGW64 ~/OneDrive/Desktop/GitDemo (main)
$ git checkout GitNewBranch
Switched to branch 'GitNewBranch'

Phanindra@PHANI MINGW64 ~/OneDrive/Desktop/GitDemo (GitNewBranch)
$ echo "This file is only in GitNewBranch" > branchfile.txt

Phanindra@PHANI MINGW64 ~/OneDrive/Desktop/GitDemo (GitNewBranch)
$ git add branchfile.txt
warning: in the working copy of 'branchfile.txt', LF will be replaced by CRLF the next time Git touches it

Phanindra@PHANI MINGW64 ~/OneDrive/Desktop/GitDemo (GitNewBranch)
$ git commit -m "Add branchfile.txt in GitNewBranch"
[GitNewBranch 2ec6890] Add branchfile.txt in GitNewBranch
 1 file changed, 1 insertion(+)
 create mode 100644 branchfile.txt

Phanindra@PHANI MINGW64 ~/OneDrive/Desktop/GitDemo (GitNewBranch)
$ git push -u origin GitNewBranch
Enumerating objects: 4, done.
Counting objects: 100% (4/4), done.
Delta compression using up to 12 threads
Compressing objects: 100% (2/2), done.
Writing objects: 100% (3/3), 364 bytes | 364.00 KiB/s, done.
Total 3 (delta 0), reused 0 (delta 0), pack-reused 0 (from 0)
remote:
remote: Create a pull request for 'GitNewBranch' on GitHub by visiting:
remote:      https://github.com/phane2004/GitDemo/pull/new/GitNewBranch
remote:
To https://github.com/phane2004/GitDemo.git
 * [new branch]      GitNewBranch -> GitNewBranch
branch 'GitNewBranch' set up to track 'origin/GitNewBranch'.

Phanindra@PHANI MINGW64 ~/OneDrive/Desktop/GitDemo (GitNewBranch)
$ git checkout main
Switched to branch 'main'
Your branch is up to date with 'origin/main'.

Phanindra@PHANI MINGW64 ~/OneDrive/Desktop/GitDemo (main)
$ git pull origin main
From https://github.com/phane2004/GitDemo
 * branch            main       -> FETCH_HEAD
Already up to date.

Phanindra@PHANI MINGW64 ~/OneDrive/Desktop/GitDemo (main)
$ git merge GitNewBranch
Updating 6bc6ab0..2ec6890
Fast-forward
 branchfile.txt | 1 +
 1 file changed, 1 insertion(+)
 create mode 100644 branchfile.txt

Phanindra@PHANI MINGW64 ~/OneDrive/Desktop/GitDemo (main)
$ git push origin main
Total 0 (delta 0), reused 0 (delta 0), pack-reused 0 (from 0)
To https://github.com/phane2004/GitDemo.git
   6bc6ab0..2ec6890  main -> main

Phanindra@PHANI MINGW64 ~/OneDrive/Desktop/GitDemo (main)
$ git branch -d GitNewBranch
Deleted branch GitNewBranch (was 2ec6890).

Phanindra@PHANI MINGW64 ~/OneDrive/Desktop/GitDemo (main)
$ git push origin --delete GitNewBranch
To https://github.com/phane2004/GitDemo.git
 - [deleted]         GitNewBranch

Phanindra@PHANI MINGW64 ~/OneDrive/Desktop/GitDemo (main)
$ git log --oneline --graph --decorate
* 2ec6890 (HEAD -> main, origin/main) Add branchfile.txt in GitNewBranch
* 6bc6ab0 Add .gitignore to ignore .log files and log folder
* 4afb4b2 Add welcome.txt
